<!DOCTYPE html>
<html lang="en">
<head>
    <meta http-equiv="refresh" content="0;URL=../../picotoml/enum.Expected.html">
    <title>Redirection</title>
</head>
<body>
    <p>Redirecting to <a href="../../picotoml/enum.Expected.html">../../picotoml/enum.Expected.html</a>...</p>
    <script>location.replace("../../picotoml/enum.Expected.html" + location.search + location.hash);</script>
</body>
</html>